%!Adobe-FontList 1.11
%Locale:0xc0a

%BeginFont
Handler:DirectoryHandler
FontType:Invalid
OutlineFileName:K:\Extraible\Mis documentos\Docencia\PID\Premiere\download\exercise_files\exercise_files\media_files\graphics\\background_blue.avi
FileModTime:1129580220
%EndFont

%BeginFont
Handler:DirectoryHandler
FontType:Invalid
OutlineFileName:K:\Extraible\Mis documentos\Docencia\PID\Premiere\download\exercise_files\exercise_files\media_files\graphics\\beach_01.jpg
FileModTime:1127935260
%EndFont

%BeginFont
Handler:DirectoryHandler
FontType:Invalid
OutlineFileName:K:\Extraible\Mis documentos\Docencia\PID\Premiere\download\exercise_files\exercise_files\media_files\graphics\\bungalows.jpg
FileModTime:1127936038
%EndFont

%BeginFont
Handler:DirectoryHandler
FontType:Invalid
OutlineFileName:K:\Extraible\Mis documentos\Docencia\PID\Premiere\download\exercise_files\exercise_files\media_files\graphics\\coral_reef.jpg
FileModTime:1128452802
%EndFont

%BeginFont
Handler:DirectoryHandler
FontType:Invalid
OutlineFileName:K:\Extraible\Mis documentos\Docencia\PID\Premiere\download\exercise_files\exercise_files\media_files\graphics\\dutch_harbor_logo.psd
FileModTime:1129573730
%EndFont

%BeginFont
Handler:DirectoryHandler
FontType:Invalid
OutlineFileName:K:\Extraible\Mis documentos\Docencia\PID\Premiere\download\exercise_files\exercise_files\media_files\graphics\\lower_third.mov
FileModTime:1127388102
%EndFont

%BeginFont
Handler:DirectoryHandler
FontType:Invalid
OutlineFileName:K:\Extraible\Mis documentos\Docencia\PID\Premiere\download\exercise_files\exercise_files\media_files\graphics\\mountain.jpg
FileModTime:1127936144
%EndFont

%BeginFont
Handler:DirectoryHandler
FontType:Invalid
OutlineFileName:K:\Extraible\Mis documentos\Docencia\PID\Premiere\download\exercise_files\exercise_files\media_files\graphics\\resort_map.ai
FileModTime:1132933918
%EndFont

%BeginFont
Handler:DirectoryHandler
FontType:Invalid
OutlineFileName:K:\Extraible\Mis documentos\Docencia\PID\Premiere\download\exercise_files\exercise_files\media_files\graphics\\sunset.jpg
FileModTime:1127936156
%EndFont

%BeginFont
Handler:DirectoryHandler
FontType:Invalid
OutlineFileName:K:\Extraible\Mis documentos\Docencia\PID\Premiere\download\exercise_files\exercise_files\media_files\graphics\\tiki.jpg
FileModTime:1128027944
%EndFont

